Directories in use:
home:         C:\neo4j-community-5.26.24-windows\neo4j-community-5.26.24
config:       C:\neo4j-community-5.26.24-windows\neo4j-community-5.26.24\conf
logs:         C:\neo4j-community-5.26.24-windows\neo4j-community-5.26.24\logs
plugins:      C:\neo4j-community-5.26.24-windows\neo4j-community-5.26.24\plugins
import:       C:\neo4j-community-5.26.24-windows\neo4j-community-5.26.24\import
data:         C:\neo4j-community-5.26.24-windows\neo4j-community-5.26.24\data
certificates: C:\neo4j-community-5.26.24-windows\neo4j-community-5.26.24\certificates
licenses:     C:\neo4j-community-5.26.24-windows\neo4j-community-5.26.24\licenses
run:          C:\neo4j-community-5.26.24-windows\neo4j-community-5.26.24\run
Starting Neo4j.
2026-04-23 15:04:56.466+0000 INFO  Logging config in use: File 'C:\neo4j-community-5.26.24-windows\neo4j-community-5.26.24\conf\user-logs.xml'
2026-04-23 15:04:56.478+0000 INFO  Starting...
2026-04-23 15:04:57.558+0000 INFO  This instance is ServerId{c9ac52cf} (c9ac52cf-b102-4d6e-bd72-9674bfbbdd42)
2026-04-23 15:04:58.756+0000 INFO  ======== Neo4j 5.26.24 ========
2026-04-23 15:05:00.765+0000 WARN  Java vector incubator module is not readable. For optimal vector performance, pass '--add-modules jdk.incubator.vector' to enable Vector API.
2026-04-23 15:05:01.003+0000 INFO  Anonymous Usage Data is being sent to Neo4j, see https://neo4j.com/docs/usage-data/
2026-04-23 15:05:01.052+0000 INFO  Bolt enabled on services.qsrinternational.com:7787.
2026-04-23 15:05:04.010+0000 INFO  HTTP enabled on 127.0.0.1:7574.
2026-04-23 15:05:04.012+0000 INFO  Remote interface available at http://127.0.0.1:7574/
2026-04-23 15:05:04.015+0000 INFO  id: D55A9EB0AF3E0435D10005D9BFAF84597BBBBBA8539339D07ABA3FC7EBBD1C37
2026-04-23 15:05:04.016+0000 INFO  name: system
2026-04-23 15:05:04.016+0000 INFO  creationDate: 2026-04-18T05:30:12.303Z
2026-04-23 15:05:04.016+0000 INFO  Started.
