Directories in use:
home:         C:\neo4j-community-5.26.24-windows\neo4j-community-5.26.24
config:       C:\neo4j-community-5.26.24-windows\neo4j-community-5.26.24\conf
logs:         C:\neo4j-community-5.26.24-windows\neo4j-community-5.26.24\logs
plugins:      C:\neo4j-community-5.26.24-windows\neo4j-community-5.26.24\plugins
import:       C:\neo4j-community-5.26.24-windows\neo4j-community-5.26.24\import
data:         C:\neo4j-community-5.26.24-windows\neo4j-community-5.26.24\data
certificates: C:\neo4j-community-5.26.24-windows\neo4j-community-5.26.24\certificates
licenses:     C:\neo4j-community-5.26.24-windows\neo4j-community-5.26.24\licenses
run:          C:\neo4j-community-5.26.24-windows\neo4j-community-5.26.24\run
Starting Neo4j.
2026-04-23 14:58:25.208+0000 INFO  Logging config in use: File 'C:\neo4j-community-5.26.24-windows\neo4j-community-5.26.24\conf\user-logs.xml'
2026-04-23 14:58:25.220+0000 INFO  Starting...
2026-04-23 14:58:26.317+0000 INFO  This instance is ServerId{c9ac52cf} (c9ac52cf-b102-4d6e-bd72-9674bfbbdd42)
2026-04-23 14:58:27.716+0000 INFO  ======== Neo4j 5.26.24 ========
2026-04-23 14:58:30.057+0000 WARN  Java vector incubator module is not readable. For optimal vector performance, pass '--add-modules jdk.incubator.vector' to enable Vector API.
2026-04-23 14:58:30.352+0000 INFO  Anonymous Usage Data is being sent to Neo4j, see https://neo4j.com/docs/usage-data/
2026-04-23 14:58:30.410+0000 INFO  Bolt enabled on services.qsrinternational.com:7787.
2026-04-23 14:58:33.384+0000 INFO  HTTP enabled on 127.0.0.1:7574.
2026-04-23 14:58:33.387+0000 INFO  Remote interface available at http://127.0.0.1:7574/
2026-04-23 14:58:33.393+0000 INFO  id: D55A9EB0AF3E0435D10005D9BFAF84597BBBBBA8539339D07ABA3FC7EBBD1C37
2026-04-23 14:58:33.394+0000 INFO  name: system
2026-04-23 14:58:33.394+0000 INFO  creationDate: 2026-04-18T05:30:12.303Z
2026-04-23 14:58:33.394+0000 INFO  Started.
2026-04-23 15:00:32.095+0000 WARN  [bolt-2] The client is unauthorized due to authentication failure.
2026-04-23 15:00:47.983+0000 WARN  [bolt-3] The client is unauthorized due to authentication failure.
