Exception in thread "main" java.lang.NoClassDefFoundError: Could not initialize class org.neo4j.helpers.Exceptions
	at org.neo4j.server.exception.ServerStartupErrors.translateToServerStartupError(ServerStartupErrors.java:40)
	at org.neo4j.server.AbstractNeoServer.start(AbstractNeoServer.java:187)
	at org.neo4j.server.ServerBootstrapper.start(ServerBootstrapper.java:124)
	at org.neo4j.server.ServerBootstrapper.start(ServerBootstrapper.java:91)
	at org.neo4j.server.CommunityEntryPoint.main(CommunityEntryPoint.java:32)
Caused by: java.lang.ExceptionInInitializerError: Exception java.lang.LinkageError: Could not get Throwable message field [in thread "main"]
	at org.neo4j.helpers.Exceptions.<clinit>(Exceptions.java:417)
	at java.base/java.util.stream.ReduceOps$1ReducingSink.accept(ReduceOps.java:80)
	at java.base/java.util.stream.ReferencePipeline$3$1.accept(ReferencePipeline.java:197)
	at java.base/java.util.concurrent.ConcurrentHashMap$ValueSpliterator.forEachRemaining(ConcurrentHashMap.java:3612)
	at java.base/java.util.stream.AbstractPipeline.copyInto(AbstractPipeline.java:509)
	at java.base/java.util.stream.AbstractPipeline.wrapAndCopyInto(AbstractPipeline.java:499)
	at java.base/java.util.stream.ReduceOps$ReduceOp.evaluateSequential(ReduceOps.java:921)
	at java.base/java.util.stream.AbstractPipeline.evaluate(AbstractPipeline.java:234)
	at java.base/java.util.stream.ReferencePipeline.reduce(ReferencePipeline.java:657)
	at org.neo4j.kernel.impl.scheduler.ThreadPoolManager.shutDownAll(ThreadPoolManager.java:57)
	at org.neo4j.kernel.impl.scheduler.CentralJobScheduler.shutdown(CentralJobScheduler.java:183)
	at org.neo4j.kernel.lifecycle.LifeSupport$LifecycleInstance.shutdown(LifeSupport.java:518)
	at org.neo4j.kernel.lifecycle.LifeSupport.shutdown(LifeSupport.java:185)
	at org.neo4j.graphdb.facade.spi.ClassicCoreSPI.shutdown(ClassicCoreSPI.java:171)
	at org.neo4j.kernel.impl.factory.GraphDatabaseFacade.shutdown(GraphDatabaseFacade.java:357)
	at org.neo4j.graphdb.facade.GraphDatabaseFacadeFactory.initFacade(GraphDatabaseFacadeFactory.java:240)
	at org.neo4j.graphdb.facade.GraphDatabaseFacadeFactory.newFacade(GraphDatabaseFacadeFactory.java:148)
	at org.neo4j.server.database.CommunityGraphFactory.newGraphDatabase(CommunityGraphFactory.java:41)
	at org.neo4j.server.database.LifecycleManagingDatabase.start(LifecycleManagingDatabase.java:90)
	at org.neo4j.kernel.lifecycle.LifeSupport$LifecycleInstance.start(LifeSupport.java:452)
	at org.neo4j.kernel.lifecycle.LifeSupport.start(LifeSupport.java:111)
	at org.neo4j.server.AbstractNeoServer.start(AbstractNeoServer.java:180)
	... 3 more
